for i in {1..50}; do CI=true npm run test:int -- --static --noColor >> test-results.txt 2>&1; done

> openfin-notifications@0.10.1 test:int C:\Users\tom\.code\notifications\latest
> svc-tools test int "--static" "--noColor"

Starting application server...
Openfin running on port 9696
PASS test/demo/createNotification.inttest.ts (8.836s)
    √  (3084ms)

Test Suites: 1 passed, 1 total
Tests:       1 passed, 1 total
Snapshots:   0 total
Time:        9.327s
Ran all test suites.
Force exiting Jest: Have you considered using `--detectOpenHandles` to detect async operations that kept running after all tests finished?

> openfin-notifications@0.10.1 test:int C:\Users\tom\.code\notifications\latest
> svc-tools test int "--static" "--noColor"

Starting application server...
Openfin running on port 9696
PASS test/demo/createNotification.inttest.ts (6.584s)
    √  (3273ms)

Test Suites: 1 passed, 1 total
Tests:       1 passed, 1 total
Snapshots:   0 total
Time:        6.754s
Ran all test suites.
Force exiting Jest: Have you considered using `--detectOpenHandles` to detect async operations that kept running after all tests finished?

> openfin-notifications@0.10.1 test:int C:\Users\tom\.code\notifications\latest
> svc-tools test int "--static" "--noColor"

Starting application server...
Openfin running on port 9696
PASS test/demo/createNotification.inttest.ts (8.653s)
    √  (3091ms)

Test Suites: 1 passed, 1 total
Tests:       1 passed, 1 total
Snapshots:   0 total
Time:        8.887s
Ran all test suites.
Force exiting Jest: Have you considered using `--detectOpenHandles` to detect async operations that kept running after all tests finished?

> openfin-notifications@0.10.1 test:int C:\Users\tom\.code\notifications\latest
> svc-tools test int "--static" "--noColor"

Starting application server...
Openfin running on port 9696
PASS test/demo/createNotification.inttest.ts (6.011s)
    √  (3075ms)

Test Suites: 1 passed, 1 total
Tests:       1 passed, 1 total
Snapshots:   0 total
Time:        6.164s
Ran all test suites.
Force exiting Jest: Have you considered using `--detectOpenHandles` to detect async operations that kept running after all tests finished?

> openfin-notifications@0.10.1 test:int C:\Users\tom\.code\notifications\latest
> svc-tools test int "--static" "--noColor"

Starting application server...
Openfin running on port 9696
PASS test/demo/createNotification.inttest.ts (5.972s)
    √  (3053ms)

Test Suites: 1 passed, 1 total
Tests:       1 passed, 1 total
Snapshots:   0 total
Time:        6.14s
Ran all test suites.
Force exiting Jest: Have you considered using `--detectOpenHandles` to detect async operations that kept running after all tests finished?

> openfin-notifications@0.10.1 test:int C:\Users\tom\.code\notifications\latest
> svc-tools test int "--static" "--noColor"

Starting application server...
Openfin running on port 9696
PASS test/demo/createNotification.inttest.ts (6.085s)
    √  (3064ms)

Test Suites: 1 passed, 1 total
Tests:       1 passed, 1 total
Snapshots:   0 total
Time:        6.229s
Ran all test suites.
Force exiting Jest: Have you considered using `--detectOpenHandles` to detect async operations that kept running after all tests finished?

> openfin-notifications@0.10.1 test:int C:\Users\tom\.code\notifications\latest
> svc-tools test int "--static" "--noColor"

Starting application server...
Openfin running on port 9696
PASS test/demo/createNotification.inttest.ts (10.164s)
    √  (3929ms)

Test Suites: 1 passed, 1 total
Tests:       1 passed, 1 total
Snapshots:   0 total
Time:        10.406s
Ran all test suites.
Force exiting Jest: Have you considered using `--detectOpenHandles` to detect async operations that kept running after all tests finished?

> openfin-notifications@0.10.1 test:int C:\Users\tom\.code\notifications\latest
> svc-tools test int "--static" "--noColor"

Starting application server...
Openfin running on port 9696
PASS test/demo/createNotification.inttest.ts (6.064s)
    √  (3046ms)

Test Suites: 1 passed, 1 total
Tests:       1 passed, 1 total
Snapshots:   0 total
Time:        6.239s
Ran all test suites.
Force exiting Jest: Have you considered using `--detectOpenHandles` to detect async operations that kept running after all tests finished?

> openfin-notifications@0.10.1 test:int C:\Users\tom\.code\notifications\latest
> svc-tools test int "--static" "--noColor"

Starting application server...
Openfin running on port 9696
PASS test/demo/createNotification.inttest.ts (5.738s)
    √  (3047ms)

Test Suites: 1 passed, 1 total
Tests:       1 passed, 1 total
Snapshots:   0 total
Time:        5.884s
Ran all test suites.
Force exiting Jest: Have you considered using `--detectOpenHandles` to detect async operations that kept running after all tests finished?

> openfin-notifications@0.10.1 test:int C:\Users\tom\.code\notifications\latest
> svc-tools test int "--static" "--noColor"

Starting application server...
Openfin running on port 9696
PASS test/demo/createNotification.inttest.ts (5.774s)
    √  (3126ms)

Test Suites: 1 passed, 1 total
Tests:       1 passed, 1 total
Snapshots:   0 total
Time:        5.931s
Ran all test suites.
Force exiting Jest: Have you considered using `--detectOpenHandles` to detect async operations that kept running after all tests finished?

> openfin-notifications@0.10.1 test:int C:\Users\tom\.code\notifications\latest
> svc-tools test int "--static" "--noColor"

Starting application server...
Openfin running on port 9696
PASS test/demo/createNotification.inttest.ts (5.985s)
    √  (3093ms)

Test Suites: 1 passed, 1 total
Tests:       1 passed, 1 total
Snapshots:   0 total
Time:        6.155s
Ran all test suites.
Force exiting Jest: Have you considered using `--detectOpenHandles` to detect async operations that kept running after all tests finished?

> openfin-notifications@0.10.1 test:int C:\Users\tom\.code\notifications\latest
> svc-tools test int "--static" "--noColor"

Starting application server...
Openfin running on port 9696
PASS test/demo/createNotification.inttest.ts (6.135s)
    √  (3122ms)

Test Suites: 1 passed, 1 total
Tests:       1 passed, 1 total
Snapshots:   0 total
Time:        6.304s
Ran all test suites.
Force exiting Jest: Have you considered using `--detectOpenHandles` to detect async operations that kept running after all tests finished?

> openfin-notifications@0.10.1 test:int C:\Users\tom\.code\notifications\latest
> svc-tools test int "--static" "--noColor"

Starting application server...
Openfin running on port 9696
PASS test/demo/createNotification.inttest.ts (6.336s)
    √  (3173ms)

Test Suites: 1 passed, 1 total
Tests:       1 passed, 1 total
Snapshots:   0 total
Time:        6.481s
Ran all test suites.
Force exiting Jest: Have you considered using `--detectOpenHandles` to detect async operations that kept running after all tests finished?

> openfin-notifications@0.10.1 test:int C:\Users\tom\.code\notifications\latest
> svc-tools test int "--static" "--noColor"

Starting application server...
Openfin running on port 9696
PASS test/demo/createNotification.inttest.ts (6.167s)
    √  (3112ms)

Test Suites: 1 passed, 1 total
Tests:       1 passed, 1 total
Snapshots:   0 total
Time:        6.342s
Ran all test suites.
Force exiting Jest: Have you considered using `--detectOpenHandles` to detect async operations that kept running after all tests finished?

> openfin-notifications@0.10.1 test:int C:\Users\tom\.code\notifications\latest
> svc-tools test int "--static" "--noColor"

Starting application server...
Openfin running on port 9696
PASS test/demo/createNotification.inttest.ts (6.311s)
    √  (3095ms)

Test Suites: 1 passed, 1 total
Tests:       1 passed, 1 total
Snapshots:   0 total
Time:        6.492s
Ran all test suites.
Force exiting Jest: Have you considered using `--detectOpenHandles` to detect async operations that kept running after all tests finished?

> openfin-notifications@0.10.1 test:int C:\Users\tom\.code\notifications\latest
> svc-tools test int "--static" "--noColor"

Starting application server...
Openfin running on port 9696
PASS test/demo/createNotification.inttest.ts (6.22s)
    √  (3219ms)

Test Suites: 1 passed, 1 total
Tests:       1 passed, 1 total
Snapshots:   0 total
Time:        6.401s
Ran all test suites.
Force exiting Jest: Have you considered using `--detectOpenHandles` to detect async operations that kept running after all tests finished?

> openfin-notifications@0.10.1 test:int C:\Users\tom\.code\notifications\latest
> svc-tools test int "--static" "--noColor"

Starting application server...
Openfin running on port 9696
PASS test/demo/createNotification.inttest.ts (6.278s)
    √  (3125ms)

Test Suites: 1 passed, 1 total
Tests:       1 passed, 1 total
Snapshots:   0 total
Time:        6.442s
Ran all test suites.
Force exiting Jest: Have you considered using `--detectOpenHandles` to detect async operations that kept running after all tests finished?

> openfin-notifications@0.10.1 test:int C:\Users\tom\.code\notifications\latest
> svc-tools test int "--static" "--noColor"

Starting application server...
Openfin running on port 9696
PASS test/demo/createNotification.inttest.ts (5.682s)
    √  (3049ms)

Test Suites: 1 passed, 1 total
Tests:       1 passed, 1 total
Snapshots:   0 total
Time:        5.823s
Ran all test suites.
Force exiting Jest: Have you considered using `--detectOpenHandles` to detect async operations that kept running after all tests finished?

> openfin-notifications@0.10.1 test:int C:\Users\tom\.code\notifications\latest
> svc-tools test int "--static" "--noColor"

Starting application server...
Openfin running on port 9696
PASS test/demo/createNotification.inttest.ts (5.605s)
    √  (2986ms)

Test Suites: 1 passed, 1 total
Tests:       1 passed, 1 total
Snapshots:   0 total
Time:        5.744s
Ran all test suites.
Force exiting Jest: Have you considered using `--detectOpenHandles` to detect async operations that kept running after all tests finished?

> openfin-notifications@0.10.1 test:int C:\Users\tom\.code\notifications\latest
> svc-tools test int "--static" "--noColor"

Starting application server...
Openfin running on port 9696
PASS test/demo/createNotification.inttest.ts
    √  (2621ms)

Test Suites: 1 passed, 1 total
Tests:       1 passed, 1 total
Snapshots:   0 total
Time:        4.242s
Ran all test suites.
Force exiting Jest: Have you considered using `--detectOpenHandles` to detect async operations that kept running after all tests finished?

> openfin-notifications@0.10.1 test:int C:\Users\tom\.code\notifications\latest
> svc-tools test int "--static" "--noColor"

Starting application server...
Openfin running on port 9696
PASS test/demo/createNotification.inttest.ts
    √  (2583ms)

Test Suites: 1 passed, 1 total
Tests:       1 passed, 1 total
Snapshots:   0 total
Time:        4.237s
Ran all test suites.
Force exiting Jest: Have you considered using `--detectOpenHandles` to detect async operations that kept running after all tests finished?

> openfin-notifications@0.10.1 test:int C:\Users\tom\.code\notifications\latest
> svc-tools test int "--static" "--noColor"

Starting application server...
Openfin running on port 9696
PASS test/demo/createNotification.inttest.ts
    √  (2570ms)

Test Suites: 1 passed, 1 total
Tests:       1 passed, 1 total
Snapshots:   0 total
Time:        4.197s
Ran all test suites.
Force exiting Jest: Have you considered using `--detectOpenHandles` to detect async operations that kept running after all tests finished?

> openfin-notifications@0.10.1 test:int C:\Users\tom\.code\notifications\latest
> svc-tools test int "--static" "--noColor"

Starting application server...
Openfin running on port 9696
PASS test/demo/createNotification.inttest.ts
    √  (2561ms)

Test Suites: 1 passed, 1 total
Tests:       1 passed, 1 total
Snapshots:   0 total
Time:        4.2s
Ran all test suites.
Force exiting Jest: Have you considered using `--detectOpenHandles` to detect async operations that kept running after all tests finished?

> openfin-notifications@0.10.1 test:int C:\Users\tom\.code\notifications\latest
> svc-tools test int "--static" "--noColor"

Starting application server...
Openfin running on port 9696
PASS test/demo/createNotification.inttest.ts
    √  (2954ms)

Test Suites: 1 passed, 1 total
Tests:       1 passed, 1 total
Snapshots:   0 total
Time:        4.903s
Ran all test suites.
Force exiting Jest: Have you considered using `--detectOpenHandles` to detect async operations that kept running after all tests finished?

> openfin-notifications@0.10.1 test:int C:\Users\tom\.code\notifications\latest
> svc-tools test int "--static" "--noColor"

Starting application server...
Openfin running on port 9696
PASS test/demo/createNotification.inttest.ts (5.636s)
    √  (2998ms)

Test Suites: 1 passed, 1 total
Tests:       1 passed, 1 total
Snapshots:   0 total
Time:        5.773s
Ran all test suites.
Force exiting Jest: Have you considered using `--detectOpenHandles` to detect async operations that kept running after all tests finished?

> openfin-notifications@0.10.1 test:int C:\Users\tom\.code\notifications\latest
> svc-tools test int "--static" "--noColor"

Starting application server...
Openfin running on port 9696
PASS test/demo/createNotification.inttest.ts (5.665s)
    √  (2974ms)

Test Suites: 1 passed, 1 total
Tests:       1 passed, 1 total
Snapshots:   0 total
Time:        5.808s
Ran all test suites.
Force exiting Jest: Have you considered using `--detectOpenHandles` to detect async operations that kept running after all tests finished?

> openfin-notifications@0.10.1 test:int C:\Users\tom\.code\notifications\latest
> svc-tools test int "--static" "--noColor"

Starting application server...
Openfin running on port 9696
PASS test/demo/createNotification.inttest.ts (5.474s)
    √  (2962ms)

Test Suites: 1 passed, 1 total
Tests:       1 passed, 1 total
Snapshots:   0 total
Time:        5.618s
Ran all test suites.
Force exiting Jest: Have you considered using `--detectOpenHandles` to detect async operations that kept running after all tests finished?

> openfin-notifications@0.10.1 test:int C:\Users\tom\.code\notifications\latest
> svc-tools test int "--static" "--noColor"

Starting application server...
Openfin running on port 9696
PASS test/demo/createNotification.inttest.ts (5.526s)
    √  (2946ms)

Test Suites: 1 passed, 1 total
Tests:       1 passed, 1 total
Snapshots:   0 total
Time:        5.666s
Ran all test suites.
Force exiting Jest: Have you considered using `--detectOpenHandles` to detect async operations that kept running after all tests finished?

> openfin-notifications@0.10.1 test:int C:\Users\tom\.code\notifications\latest
> svc-tools test int "--static" "--noColor"

Starting application server...
Openfin running on port 9696
PASS test/demo/createNotification.inttest.ts (5.653s)
    √  (3013ms)

Test Suites: 1 passed, 1 total
Tests:       1 passed, 1 total
Snapshots:   0 total
Time:        5.816s
Ran all test suites.
Force exiting Jest: Have you considered using `--detectOpenHandles` to detect async operations that kept running after all tests finished?

> openfin-notifications@0.10.1 test:int C:\Users\tom\.code\notifications\latest
> svc-tools test int "--static" "--noColor"

Starting application server...
Openfin running on port 9696
PASS test/demo/createNotification.inttest.ts (6.502s)
    √  (3014ms)

Test Suites: 1 passed, 1 total
Tests:       1 passed, 1 total
Snapshots:   0 total
Time:        6.646s
Ran all test suites.
Force exiting Jest: Have you considered using `--detectOpenHandles` to detect async operations that kept running after all tests finished?

> openfin-notifications@0.10.1 test:int C:\Users\tom\.code\notifications\latest
> svc-tools test int "--static" "--noColor"

Starting application server...
Openfin running on port 9696
PASS test/demo/createNotification.inttest.ts (5.647s)
    √  (3040ms)

Test Suites: 1 passed, 1 total
Tests:       1 passed, 1 total
Snapshots:   0 total
Time:        5.79s
Ran all test suites.
Force exiting Jest: Have you considered using `--detectOpenHandles` to detect async operations that kept running after all tests finished?

> openfin-notifications@0.10.1 test:int C:\Users\tom\.code\notifications\latest
> svc-tools test int "--static" "--noColor"

Starting application server...
Openfin running on port 9696
PASS test/demo/createNotification.inttest.ts (6.118s)
    √  (3063ms)

Test Suites: 1 passed, 1 total
Tests:       1 passed, 1 total
Snapshots:   0 total
Time:        6.342s
Ran all test suites.
Force exiting Jest: Have you considered using `--detectOpenHandles` to detect async operations that kept running after all tests finished?

> openfin-notifications@0.10.1 test:int C:\Users\tom\.code\notifications\latest
> svc-tools test int "--static" "--noColor"

Starting application server...
Openfin running on port 9696
PASS test/demo/createNotification.inttest.ts (5.848s)
    √  (3058ms)

Test Suites: 1 passed, 1 total
Tests:       1 passed, 1 total
Snapshots:   0 total
Time:        5.989s
Ran all test suites.
Force exiting Jest: Have you considered using `--detectOpenHandles` to detect async operations that kept running after all tests finished?

> openfin-notifications@0.10.1 test:int C:\Users\tom\.code\notifications\latest
> svc-tools test int "--static" "--noColor"

Starting application server...
Openfin running on port 9696
PASS test/demo/createNotification.inttest.ts (5.615s)
    √  (3046ms)

Test Suites: 1 passed, 1 total
Tests:       1 passed, 1 total
Snapshots:   0 total
Time:        5.754s
Ran all test suites.
Force exiting Jest: Have you considered using `--detectOpenHandles` to detect async operations that kept running after all tests finished?

> openfin-notifications@0.10.1 test:int C:\Users\tom\.code\notifications\latest
> svc-tools test int "--static" "--noColor"

Starting application server...
Openfin running on port 9696
PASS test/demo/createNotification.inttest.ts (5.698s)
    √  (3067ms)

Test Suites: 1 passed, 1 total
Tests:       1 passed, 1 total
Snapshots:   0 total
Time:        5.836s
Ran all test suites.
Force exiting Jest: Have you considered using `--detectOpenHandles` to detect async operations that kept running after all tests finished?

> openfin-notifications@0.10.1 test:int C:\Users\tom\.code\notifications\latest
> svc-tools test int "--static" "--noColor"

Starting application server...
Openfin running on port 9696
PASS test/demo/createNotification.inttest.ts (5.832s)
    √  (3079ms)

Test Suites: 1 passed, 1 total
Tests:       1 passed, 1 total
Snapshots:   0 total
Time:        5.971s
Ran all test suites.
Force exiting Jest: Have you considered using `--detectOpenHandles` to detect async operations that kept running after all tests finished?

> openfin-notifications@0.10.1 test:int C:\Users\tom\.code\notifications\latest
> svc-tools test int "--static" "--noColor"

Starting application server...
Openfin running on port 9696
PASS test/demo/createNotification.inttest.ts (5.723s)
    √  (3097ms)

Test Suites: 1 passed, 1 total
Tests:       1 passed, 1 total
Snapshots:   0 total
Time:        5.864s
Ran all test suites.
Force exiting Jest: Have you considered using `--detectOpenHandles` to detect async operations that kept running after all tests finished?

> openfin-notifications@0.10.1 test:int C:\Users\tom\.code\notifications\latest
> svc-tools test int "--static" "--noColor"

Starting application server...
Openfin running on port 9696
PASS test/demo/createNotification.inttest.ts (6.044s)
    √  (3106ms)

Test Suites: 1 passed, 1 total
Tests:       1 passed, 1 total
Snapshots:   0 total
Time:        6.222s
Ran all test suites.
Force exiting Jest: Have you considered using `--detectOpenHandles` to detect async operations that kept running after all tests finished?

> openfin-notifications@0.10.1 test:int C:\Users\tom\.code\notifications\latest
> svc-tools test int "--static" "--noColor"

Starting application server...
Openfin running on port 9696
PASS test/demo/createNotification.inttest.ts (5.609s)
    √  (3016ms)

Test Suites: 1 passed, 1 total
Tests:       1 passed, 1 total
Snapshots:   0 total
Time:        5.753s
Ran all test suites.
Force exiting Jest: Have you considered using `--detectOpenHandles` to detect async operations that kept running after all tests finished?

> openfin-notifications@0.10.1 test:int C:\Users\tom\.code\notifications\latest
> svc-tools test int "--static" "--noColor"

Starting application server...
Openfin running on port 9696
PASS test/demo/createNotification.inttest.ts (6.033s)
    √  (3044ms)

Test Suites: 1 passed, 1 total
Tests:       1 passed, 1 total
Snapshots:   0 total
Time:        6.187s
Ran all test suites.
Force exiting Jest: Have you considered using `--detectOpenHandles` to detect async operations that kept running after all tests finished?

> openfin-notifications@0.10.1 test:int C:\Users\tom\.code\notifications\latest
> svc-tools test int "--static" "--noColor"

Starting application server...
Openfin running on port 9696
PASS test/demo/createNotification.inttest.ts (5.561s)
    √  (3030ms)

Test Suites: 1 passed, 1 total
Tests:       1 passed, 1 total
Snapshots:   0 total
Time:        5.696s
Ran all test suites.
Force exiting Jest: Have you considered using `--detectOpenHandles` to detect async operations that kept running after all tests finished?

> openfin-notifications@0.10.1 test:int C:\Users\tom\.code\notifications\latest
> svc-tools test int "--static" "--noColor"

Starting application server...
Openfin running on port 9696
PASS test/demo/createNotification.inttest.ts (5.717s)
    √  (2972ms)

Test Suites: 1 passed, 1 total
Tests:       1 passed, 1 total
Snapshots:   0 total
Time:        5.857s
Ran all test suites.
Force exiting Jest: Have you considered using `--detectOpenHandles` to detect async operations that kept running after all tests finished?

> openfin-notifications@0.10.1 test:int C:\Users\tom\.code\notifications\latest
> svc-tools test int "--static" "--noColor"

Starting application server...
Openfin running on port 9696
PASS test/demo/createNotification.inttest.ts (5.957s)
    √  (3188ms)

Test Suites: 1 passed, 1 total
Tests:       1 passed, 1 total
Snapshots:   0 total
Time:        6.109s
Ran all test suites.
Force exiting Jest: Have you considered using `--detectOpenHandles` to detect async operations that kept running after all tests finished?

> openfin-notifications@0.10.1 test:int C:\Users\tom\.code\notifications\latest
> svc-tools test int "--static" "--noColor"

Starting application server...
Openfin running on port 9696
PASS test/demo/createNotification.inttest.ts (5.678s)
    √  (2946ms)

Test Suites: 1 passed, 1 total
Tests:       1 passed, 1 total
Snapshots:   0 total
Time:        5.853s
Ran all test suites.
Force exiting Jest: Have you considered using `--detectOpenHandles` to detect async operations that kept running after all tests finished?

> openfin-notifications@0.10.1 test:int C:\Users\tom\.code\notifications\latest
> svc-tools test int "--static" "--noColor"

Starting application server...
Openfin running on port 9696
PASS test/demo/createNotification.inttest.ts (5.613s)
    √  (3018ms)

Test Suites: 1 passed, 1 total
Tests:       1 passed, 1 total
Snapshots:   0 total
Time:        5.752s
Ran all test suites.
Force exiting Jest: Have you considered using `--detectOpenHandles` to detect async operations that kept running after all tests finished?

> openfin-notifications@0.10.1 test:int C:\Users\tom\.code\notifications\latest
> svc-tools test int "--static" "--noColor"

Starting application server...
Openfin running on port 9696
PASS test/demo/createNotification.inttest.ts (5.574s)
    √  (2993ms)

Test Suites: 1 passed, 1 total
Tests:       1 passed, 1 total
Snapshots:   0 total
Time:        5.719s
Ran all test suites.
Force exiting Jest: Have you considered using `--detectOpenHandles` to detect async operations that kept running after all tests finished?

> openfin-notifications@0.10.1 test:int C:\Users\tom\.code\notifications\latest
> svc-tools test int "--static" "--noColor"

Starting application server...
Openfin running on port 9696
PASS test/demo/createNotification.inttest.ts (6.426s)
    √  (3149ms)

Test Suites: 1 passed, 1 total
Tests:       1 passed, 1 total
Snapshots:   0 total
Time:        6.586s
Ran all test suites.
Force exiting Jest: Have you considered using `--detectOpenHandles` to detect async operations that kept running after all tests finished?

> openfin-notifications@0.10.1 test:int C:\Users\tom\.code\notifications\latest
> svc-tools test int "--static" "--noColor"

Starting application server...
Openfin running on port 9696
PASS test/demo/createNotification.inttest.ts (6.04s)
    √  (3095ms)

Test Suites: 1 passed, 1 total
Tests:       1 passed, 1 total
Snapshots:   0 total
Time:        6.22s
Ran all test suites.
Force exiting Jest: Have you considered using `--detectOpenHandles` to detect async operations that kept running after all tests finished?

> openfin-notifications@0.10.1 test:int C:\Users\tom\.code\notifications\latest
> svc-tools test int "--static" "--noColor"

Starting application server...
Openfin running on port 9696
PASS test/demo/createNotification.inttest.ts (7.181s)
    √  (3397ms)

Test Suites: 1 passed, 1 total
Tests:       1 passed, 1 total
Snapshots:   0 total
Time:        7.522s
Ran all test suites.
Force exiting Jest: Have you considered using `--detectOpenHandles` to detect async operations that kept running after all tests finished?

> openfin-notifications@0.10.1 test:int C:\Users\tom\.code\notifications\latest
> svc-tools test int "--static" "--noColor"

Starting application server...
Openfin running on port 9696
PASS test/demo/createNotification.inttest.ts (5.812s)
    √  (3114ms)

Test Suites: 1 passed, 1 total
Tests:       1 passed, 1 total
Snapshots:   0 total
Time:        5.964s
Ran all test suites.
Force exiting Jest: Have you considered using `--detectOpenHandles` to detect async operations that kept running after all tests finished?

> openfin-notifications@0.10.1 test:int C:\Users\tom\.code\notifications\latest
> svc-tools test int "--static" "--noColor"

Starting application server...
Openfin running on port 9696
PASS test/demo/createNotification.inttest.ts (5.735s)
    √  (3071ms)

Test Suites: 1 passed, 1 total
Tests:       1 passed, 1 total
Snapshots:   0 total
Time:        5.879s
Ran all test suites.
Force exiting Jest: Have you considered using `--detectOpenHandles` to detect async operations that kept running after all tests finished?

> openfin-notifications@0.10.1 test:int C:\Users\tom\.code\notifications\latest
> svc-tools test int "--static" "--noColor"

Starting application server...
Openfin running on port 9696
PASS test/demo/createNotification.inttest.ts (5.63s)
    √  (3040ms)

Test Suites: 1 passed, 1 total
Tests:       1 passed, 1 total
Snapshots:   0 total
Time:        5.772s
Ran all test suites.
Force exiting Jest: Have you considered using `--detectOpenHandles` to detect async operations that kept running after all tests finished?

> openfin-notifications@0.10.1 test:int C:\Users\tom\.code\notifications\latest
> svc-tools test int "--static" "--noColor"

Starting application server...
Openfin running on port 9696
PASS test/demo/createNotification.inttest.ts (5.704s)
    √  (3043ms)

Test Suites: 1 passed, 1 total
Tests:       1 passed, 1 total
Snapshots:   0 total
Time:        5.866s
Ran all test suites.
Force exiting Jest: Have you considered using `--detectOpenHandles` to detect async operations that kept running after all tests finished?

> openfin-notifications@0.10.1 test:int C:\Users\tom\.code\notifications\latest
> svc-tools test int "--static" "--noColor"

Starting application server...
Openfin running on port 9696
PASS test/demo/createNotification.inttest.ts (5.653s)
    √  (3025ms)

Test Suites: 1 passed, 1 total
Tests:       1 passed, 1 total
Snapshots:   0 total
Time:        5.796s
Ran all test suites.
Force exiting Jest: Have you considered using `--detectOpenHandles` to detect async operations that kept running after all tests finished?

> openfin-notifications@0.10.1 test:int C:\Users\tom\.code\notifications\latest
> svc-tools test int "--static" "--noColor"

Starting application server...
Openfin running on port 9696
PASS test/demo/createNotification.inttest.ts (5.754s)
    √  (2980ms)

Test Suites: 1 passed, 1 total
Tests:       1 passed, 1 total
Snapshots:   0 total
Time:        5.897s
Ran all test suites.
Force exiting Jest: Have you considered using `--detectOpenHandles` to detect async operations that kept running after all tests finished?

> openfin-notifications@0.10.1 test:int C:\Users\tom\.code\notifications\latest
> svc-tools test int "--static" "--noColor"

Starting application server...
Openfin running on port 9696
PASS test/demo/createNotification.inttest.ts (5.664s)
    √  (3000ms)

Test Suites: 1 passed, 1 total
Tests:       1 passed, 1 total
Snapshots:   0 total
Time:        5.806s
Ran all test suites.
Force exiting Jest: Have you considered using `--detectOpenHandles` to detect async operations that kept running after all tests finished?

> openfin-notifications@0.10.1 test:int C:\Users\tom\.code\notifications\latest
> svc-tools test int "--static" "--noColor"

Starting application server...
Openfin running on port 9696
PASS test/demo/createNotification.inttest.ts (6.061s)
    √  (3074ms)

Test Suites: 1 passed, 1 total
Tests:       1 passed, 1 total
Snapshots:   0 total
Time:        6.276s
Ran all test suites.
Force exiting Jest: Have you considered using `--detectOpenHandles` to detect async operations that kept running after all tests finished?

> openfin-notifications@0.10.1 test:int C:\Users\tom\.code\notifications\latest
> svc-tools test int "--static" "--noColor"

Starting application server...
Openfin running on port 9696
PASS test/demo/createNotification.inttest.ts (5.745s)
    √  (3047ms)

Test Suites: 1 passed, 1 total
Tests:       1 passed, 1 total
Snapshots:   0 total
Time:        5.883s
Ran all test suites.
Force exiting Jest: Have you considered using `--detectOpenHandles` to detect async operations that kept running after all tests finished?

> openfin-notifications@0.10.1 test:int C:\Users\tom\.code\notifications\latest
> svc-tools test int "--static" "--noColor"

Starting application server...
Openfin running on port 9696
PASS test/demo/createNotification.inttest.ts (5.674s)
    √  (3011ms)

Test Suites: 1 passed, 1 total
Tests:       1 passed, 1 total
Snapshots:   0 total
Time:        5.812s
Ran all test suites.
Force exiting Jest: Have you considered using `--detectOpenHandles` to detect async operations that kept running after all tests finished?
